============================= test session starts =============================
platform win32 -- Python 3.11.9, pytest-8.4.2, pluggy-1.6.0
PyQt5 5.15.11 -- Qt runtime 5.15.2 -- Qt compiled 5.15.2
rootdir: D:\Git\robotlearning\yolo11_inference
configfile: pytest.ini
plugins: anyio-4.9.0, Faker-37.4.2, cov-7.0.0, qt-4.5.0, requests-mock-1.12.1
collected 1 item

python : Windows fatal exception: access v
iolation
位於 線路:1 字元:1
+ python -m pytest tests/test_gui_smoke.py
 > test_output.txt 2>&1
+ ~~~~~~~~~~~~~~~~~~~~~~~~~~~~~~~~~~~~~~~~
~~~~~~~~~~~~~~~~~~~~~~~
    + CategoryInfo          : NotSpecifie 
   d: (Windows fatal e...ccess violation  
  :String) [], RemoteException
    + FullyQualifiedErrorId : NativeComma 
   ndError
 

Current thread 0x00006438 (most recent cal
l first):
  File "<frozen importlib._bootstrap>", li
ne 241 in _call_with_frames_removed
  File "<frozen importlib._bootstrap_exter
nal>", line 1233 in create_module
  File "<frozen importlib._bootstrap>", li
ne 573 in module_from_spec
  File "<frozen importlib._bootstrap>", li
ne 676 in _load_unlocked
  File "<frozen importlib._bootstrap>", li
ne 1147 in _find_and_load_unlocked
  File "<frozen importlib._bootstrap>", li
ne 1176 in _find_and_load
  File "C:\Users\diowang\AppData\Local\Pro
grams\Python\Python311\Lib\site-packages\o
nnx\__init__.py", line 77 in <module>
  File "<frozen importlib._bootstrap>", li
ne 241 in _call_with_frames_removed
  File "<frozen importlib._bootstrap_exter
nal>", line 940 in exec_module
  File "<frozen importlib._bootstrap>", li
ne 690 in _load_unlocked
  File "<frozen importlib._bootstrap>", li
ne 1147 in _find_and_load_unlocked
  File "<frozen importlib._bootstrap>", li
ne 1176 in _find_and_load
  File "C:\Users\diowang\AppData\Local\Pro
grams\Python\Python311\Lib\site-packages\t
orch\onnx\_internal\onnxruntime.py", line 
36 in <module>
  File "<frozen importlib._bootstrap>", li
ne 241 in _call_with_frames_removed
  File "<frozen importlib._bootstrap_exter
nal>", line 940 in exec_module
  File "<frozen importlib._bootstrap>", li
ne 690 in _load_unlocked
  File "<frozen importlib._bootstrap>", li
ne 1147 in _find_and_load_unlocked
  File "<frozen importlib._bootstrap>", li
ne 1176 in _find_and_load
  File "C:\Users\diowang\AppData\Local\Pro
grams\Python\Python311\Lib\site-packages\t
orch\onnx\__init__.py", line 62 in <module
>
  File "<frozen importlib._bootstrap>", li
ne 241 in _call_with_frames_removed
  File "<frozen importlib._bootstrap_exter
nal>", line 940 in exec_module
  File "<frozen importlib._bootstrap>", li
ne 690 in _load_unlocked
  File "<frozen importlib._bootstrap>", li
ne 1147 in _find_and_load_unlocked
  File "<frozen importlib._bootstrap>", li
ne 1176 in _find_and_load
  File "<frozen importlib._bootstrap>", li
ne 241 in _call_with_frames_removed
  File "<frozen importlib._bootstrap>", li
ne 1126 in _find_and_load_unlocked
  File "<frozen importlib._bootstrap>", li
ne 1176 in _find_and_load
  File "C:\Users\diowang\AppData\Local\Pro
grams\Python\Python311\Lib\site-packages\t
orch\_dynamo\variables\higher_order_ops.py
", line 14 in <module>
  File "<frozen importlib._bootstrap>", li
ne 241 in _call_with_frames_removed
  File "<frozen importlib._bootstrap_exter
nal>", line 940 in exec_module
  File "<frozen importlib._bootstrap>", li
ne 690 in _load_unlocked
  File "<frozen importlib._bootstrap>", li
ne 1147 in _find_and_load_unlocked
  File "<frozen importlib._bootstrap>", li
ne 1176 in _find_and_load
  File "C:\Users\diowang\AppData\Local\Pro
grams\Python\Python311\Lib\site-packages\t
orch\_dynamo\variables\__init__.py", line 
38 in <module>
  File "<frozen importlib._bootstrap>", li
ne 241 in _call_with_frames_removed
  File "<frozen importlib._bootstrap_exter
nal>", line 940 in exec_module
  File "<frozen importlib._bootstrap>", li
ne 690 in _load_unlocked
  File "<frozen importlib._bootstrap>", li
ne 1147 in _find_and_load_unlocked
  File "<frozen importlib._bootstrap>", li
ne 1176 in _find_and_load
  File "C:\Users\diowang\AppData\Local\Pro
grams\Python\Python311\Lib\site-packages\t
orch\_dynamo\trace_rules.py", line 52 in <
module>
  File "<frozen importlib._bootstrap>", li
ne 241 in _call_with_frames_removed
  File "<frozen importlib._bootstrap_exter
nal>", line 940 in exec_module
  File "<frozen importlib._bootstrap>", li
ne 690 in _load_unlocked
  File "<frozen importlib._bootstrap>", li
ne 1147 in _find_and_load_unlocked
  File "<frozen importlib._bootstrap>", li
ne 1176 in _find_and_load
  File "<frozen importlib._bootstrap>", li
ne 241 in _call_with_frames_removed
  File "<frozen importlib._bootstrap>", li
ne 1232 in _handle_fromlist
  File "C:\Users\diowang\AppData\Local\Pro
grams\Python\Python311\Lib\site-packages\t
orch\_dynamo\convert_frame.py", line 48 in
 <module>
  File "<frozen importlib._bootstrap>", li
ne 241 in _call_with_frames_removed
  File "<frozen importlib._bootstrap_exter
nal>", line 940 in exec_module
  File "<frozen importlib._bootstrap>", li
ne 690 in _load_unlocked
  File "<frozen importlib._bootstrap>", li
ne 1147 in _find_and_load_unlocked
  File "<frozen importlib._bootstrap>", li
ne 1176 in _find_and_load
  File "<frozen importlib._bootstrap>", li
ne 241 in _call_with_frames_removed
  File "<frozen importlib._bootstrap>", li
ne 1232 in _handle_fromlist
  File "C:\Users\diowang\AppData\Local\Pro
grams\Python\Python311\Lib\site-packages\t
orch\_dynamo\__init__.py", line 2 in <modu
le>
  File "<frozen importlib._bootstrap>", li
ne 241 in _call_with_frames_removed
  File "<frozen importlib._bootstrap_exter
nal>", line 940 in exec_module
  File "<frozen importlib._bootstrap>", li
ne 690 in _load_unlocked
  File "<frozen importlib._bootstrap>", li
ne 1147 in _find_and_load_unlocked
  File "<frozen importlib._bootstrap>", li
ne 1176 in _find_and_load
  File "C:\Users\diowang\AppData\Local\Pro
grams\Python\Python311\Lib\site-packages\l
ightning\fabric\wrappers.py", line 38 in <
module>
  File "<frozen importlib._bootstrap>", li
ne 241 in _call_with_frames_removed
  File "<frozen importlib._bootstrap_exter
nal>", line 940 in exec_module
  File "<frozen importlib._bootstrap>", li
ne 690 in _load_unlocked
  File "<frozen importlib._bootstrap>", li
ne 1147 in _find_and_load_unlocked
  File "<frozen importlib._bootstrap>", li
ne 1176 in _find_and_load
  File "C:\Users\diowang\AppData\Local\Pro
grams\Python\Python311\Lib\site-packages\l
ightning\fabric\loggers\tensorboard.py", l
ine 30 in <module>
  File "<frozen importlib._bootstrap>", li
ne 241 in _call_with_frames_removed
  File "<frozen importlib._bootstrap_exter
nal>", line 940 in exec_module
  File "<frozen importlib._bootstrap>", li
ne 690 in _load_unlocked
  File "<frozen importlib._bootstrap>", li
ne 1147 in _find_and_load_unlocked
  File "<frozen importlib._bootstrap>", li
ne 1176 in _find_and_load
  File "C:\Users\diowang\AppData\Local\Pro
grams\Python\Python311\Lib\site-packages\l
ightning\fabric\loggers\__init__.py", line
 15 in <module>
  File "<frozen importlib._bootstrap>", li
ne 241 in _call_with_frames_removed
  File "<frozen importlib._bootstrap_exter
nal>", line 940 in exec_module
  File "<frozen importlib._bootstrap>", li
ne 690 in _load_unlocked
  File "<frozen importlib._bootstrap>", li
ne 1147 in _find_and_load_unlocked
  File "<frozen importlib._bootstrap>", li
ne 1176 in _find_and_load
  File "C:\Users\diowang\AppData\Local\Pro
grams\Python\Python311\Lib\site-packages\l
ightning\fabric\fabric.py", line 46 in <mo
dule>
  File "<frozen importlib._bootstrap>", li
ne 241 in _call_with_frames_removed
  File "<frozen importlib._bootstrap_exter
nal>", line 940 in exec_module
  File "<frozen importlib._bootstrap>", li
ne 690 in _load_unlocked
  File "<frozen importlib._bootstrap>", li
ne 1147 in _find_and_load_unlocked
  File "<frozen importlib._bootstrap>", li
ne 1176 in _find_and_load
  File "C:\Users\diowang\AppData\Local\Pro
grams\Python\Python311\Lib\site-packages\l
ightning\fabric\__init__.py", line 30 in <
module>
  File "<frozen importlib._bootstrap>", li
ne 241 in _call_with_frames_removed
  File "<frozen importlib._bootstrap_exter
nal>", line 940 in exec_module
  File "<frozen importlib._bootstrap>", li
ne 690 in _load_unlocked
  File "<frozen importlib._bootstrap>", li
ne 1147 in _find_and_load_unlocked
  File "<frozen importlib._bootstrap>", li
ne 1176 in _find_and_load
  File "<frozen importlib._bootstrap>", li
ne 241 in _call_with_frames_removed
  File "<frozen importlib._bootstrap>", li
ne 1126 in _find_and_load_unlocked
  File "<frozen importlib._bootstrap>", li
ne 1176 in _find_and_load
  File "C:\Users\diowang\AppData\Local\Pro
grams\Python\Python311\Lib\site-packages\l
ightning\__init__.py", line 18 in <module>
  File "<frozen importlib._bootstrap>", li
ne 241 in _call_with_frames_removed
  File "<frozen importlib._bootstrap_exter
nal>", line 940 in exec_module
  File "<frozen importlib._bootstrap>", li
ne 690 in _load_unlocked
  File "<frozen importlib._bootstrap>", li
ne 1147 in _find_and_load_unlocked
  File "<frozen importlib._bootstrap>", li
ne 1176 in _find_and_load
  ...
Windows fatal exception: access violation

Current thread 0x00006438 (most recent cal
l first):
  File "<frozen importlib._bootstrap>", li
ne 241 in _call_with_frames_removed
  File "<frozen importlib._bootstrap_exter
nal>", line 1233 in create_module
  File "<frozen importlib._bootstrap>", li
ne 573 in module_from_spec
  File "<frozen importlib._bootstrap>", li
ne 676 in _load_unlocked
  File "<frozen importlib._bootstrap>", li
ne 1147 in _find_and_load_unlocked
  File "<frozen importlib._bootstrap>", li
ne 1176 in _find_and_load
  File "C:\Users\diowang\AppData\Local\Pro
grams\Python\Python311\Lib\site-packages\o
nnxruntime\capi\_pybind_state.py", line 32
 in <module>
  File "<frozen importlib._bootstrap>", li
ne 241 in _call_with_frames_removed
  File "<frozen importlib._bootstrap_exter
nal>", line 940 in exec_module
  File "<frozen importlib._bootstrap>", li
ne 690 in _load_unlocked
  File "<frozen importlib._bootstrap>", li
ne 1147 in _find_and_load_unlocked
  File "<frozen importlib._bootstrap>", li
ne 1176 in _find_and_load
  File "C:\Users\diowang\AppData\Local\Pro
grams\Python\Python311\Lib\site-packages\o
nnxruntime\__init__.py", line 24 in <modul
e>
  File "<frozen importlib._bootstrap>", li
ne 241 in _call_with_frames_removed
  File "<frozen importlib._bootstrap_exter
nal>", line 940 in exec_module
  File "<frozen importlib._bootstrap>", li
ne 690 in _load_unlocked
  File "<frozen importlib._bootstrap>", li
ne 1147 in _find_and_load_unlocked
  File "<frozen importlib._bootstrap>", li
ne 1176 in _find_and_load
  File "C:\Users\diowang\AppData\Local\Pro
grams\Python\Python311\Lib\site-packages\k
ornia\feature\lightglue_onnx\lightglue.py"
, line 31 in <module>
  File "<frozen importlib._bootstrap>", li
ne 241 in _call_with_frames_removed
  File "<frozen importlib._bootstrap_exter
nal>", line 940 in exec_module
  File "<frozen importlib._bootstrap>", li
ne 690 in _load_unlocked
  File "<frozen importlib._bootstrap>", li
ne 1147 in _find_and_load_unlocked
  File "<frozen importlib._bootstrap>", li
ne 1176 in _find_and_load
  File "C:\Users\diowang\AppData\Local\Pro
grams\Python\Python311\Lib\site-packages\k
ornia\feature\lightglue_onnx\__init__.py",
 line 18 in <module>
  File "<frozen importlib._bootstrap>", li
ne 241 in _call_with_frames_removed
  File "<frozen importlib._bootstrap_exter
nal>", line 940 in exec_module
  File "<frozen importlib._bootstrap>", li
ne 690 in _load_unlocked
  File "<frozen importlib._bootstrap>", li
ne 1147 in _find_and_load_unlocked
  File "<frozen importlib._bootstrap>", li
ne 1176 in _find_and_load
  File "C:\Users\diowang\AppData\Local\Pro
grams\Python\Python311\Lib\site-packages\k
ornia\feature\__init__.py", line 60 in <mo
dule>
  File "<frozen importlib._bootstrap>", li
ne 241 in _call_with_frames_removed
  File "<frozen importlib._bootstrap_exter
nal>", line 940 in exec_module
  File "<frozen importlib._bootstrap>", li
ne 690 in _load_unlocked
  File "<frozen importlib._bootstrap>", li
ne 1147 in _find_and_load_unlocked
  File "<frozen importlib._bootstrap>", li
ne 1176 in _find_and_load
  File "C:\Users\diowang\AppData\Local\Pro
grams\Python\Python311\Lib\site-packages\k
ornia\contrib\image_stitching.py", line 24
 in <module>
  File "<frozen importlib._bootstrap>", li
ne 241 in _call_with_frames_removed
  File "<frozen importlib._bootstrap_exter
nal>", line 940 in exec_module
  File "<frozen importlib._bootstrap>", li
ne 690 in _load_unlocked
  File "<frozen importlib._bootstrap>", li
ne 1147 in _find_and_load_unlocked
  File "<frozen importlib._bootstrap>", li
ne 1176 in _find_and_load
  File "C:\Users\diowang\AppData\Local\Pro
grams\Python\Python311\Lib\site-packages\k
ornia\contrib\__init__.py", line 32 in <mo
dule>
  File "<frozen importlib._bootstrap>", li
ne 241 in _call_with_frames_removed
  File "<frozen importlib._bootstrap_exter
nal>", line 940 in exec_module
  File "<frozen importlib._bootstrap>", li
ne 690 in _load_unlocked
  File "<frozen importlib._bootstrap>", li
ne 1147 in _find_and_load_unlocked
  File "<frozen importlib._bootstrap>", li
ne 1176 in _find_and_load
  File "C:\Users\diowang\AppData\Local\Pro
grams\Python\Python311\Lib\site-packages\k
ornia\augmentation\_2d\intensity\plasma.py
", line 22 in <module>
  File "<frozen importlib._bootstrap>", li
ne 241 in _call_with_frames_removed
  File "<frozen importlib._bootstrap_exter
nal>", line 940 in exec_module
  File "<frozen importlib._bootstrap>", li
ne 690 in _load_unlocked
  File "<frozen importlib._bootstrap>", li
ne 1147 in _find_and_load_unlocked
  File "<frozen importlib._bootstrap>", li
ne 1176 in _find_and_load
  File "C:\Users\diowang\AppData\Local\Pro
grams\Python\Python311\Lib\site-packages\k
ornia\augmentation\_2d\intensity\__init__.
py", line 47 in <module>
  File "<frozen importlib._bootstrap>", li
ne 241 in _call_with_frames_removed
  File "<frozen importlib._bootstrap_exter
nal>", line 940 in exec_module
  File "<frozen importlib._bootstrap>", li
ne 690 in _load_unlocked
  File "<frozen importlib._bootstrap>", li
ne 1147 in _find_and_load_unlocked
  File "<frozen importlib._bootstrap>", li
ne 1176 in _find_and_load
  File "C:\Users\diowang\AppData\Local\Pro
grams\Python\Python311\Lib\site-packages\k
ornia\augmentation\_2d\__init__.py", line 
19 in <module>
  File "<frozen importlib._bootstrap>", li
ne 241 in _call_with_frames_removed
  File "<frozen importlib._bootstrap_exter
nal>", line 940 in exec_module
  File "<frozen importlib._bootstrap>", li
ne 690 in _load_unlocked
  File "<frozen importlib._bootstrap>", li
ne 1147 in _find_and_load_unlocked
  File "<frozen importlib._bootstrap>", li
ne 1176 in _find_and_load
  File "<frozen importlib._bootstrap>", li
ne 241 in _call_with_frames_removed
  File "<frozen importlib._bootstrap>", li
ne 1126 in _find_and_load_unlocked
  File "<frozen importlib._bootstrap>", li
ne 1176 in _find_and_load
  File "C:\Users\diowang\AppData\Local\Pro
grams\Python\Python311\Lib\site-packages\k
ornia\augmentation\container\augment.py", 
line 23 in <module>
  File "<frozen importlib._bootstrap>", li
ne 241 in _call_with_frames_removed
  File "<frozen importlib._bootstrap_exter
nal>", line 940 in exec_module
  File "<frozen importlib._bootstrap>", li
ne 690 in _load_unlocked
  File "<frozen importlib._bootstrap>", li
ne 1147 in _find_and_load_unlocked
  File "<frozen importlib._bootstrap>", li
ne 1176 in _find_and_load
  File "C:\Users\diowang\AppData\Local\Pro
grams\Python\Python311\Lib\site-packages\k
ornia\augmentation\container\__init__.py",
 line 18 in <module>
  File "<frozen importlib._bootstrap>", li
ne 241 in _call_with_frames_removed
  File "<frozen importlib._bootstrap_exter
nal>", line 940 in exec_module
  File "<frozen importlib._bootstrap>", li
ne 690 in _load_unlocked
  File "<frozen importlib._bootstrap>", li
ne 1147 in _find_and_load_unlocked
  File "<frozen importlib._bootstrap>", li
ne 1176 in _find_and_load
  File "<frozen importlib._bootstrap>", li
ne 241 in _call_with_frames_removed
  File "<frozen importlib._bootstrap>", li
ne 1126 in _find_and_load_unlocked
  File "<frozen importlib._bootstrap>", li
ne 1176 in _find_and_load
  File "C:\Users\diowang\AppData\Local\Pro
grams\Python\Python311\Lib\site-packages\k
ornia\augmentation\auto\operations\policy.
py", line 24 in <module>
  File "<frozen importlib._bootstrap>", li
ne 241 in _call_with_frames_removed
  File "<frozen importlib._bootstrap_exter
nal>", line 940 in exec_module
  File "<frozen importlib._bootstrap>", li
ne 690 in _load_unlocked
  File "<frozen importlib._bootstrap>", li
ne 1147 in _find_and_load_unlocked
  File "<frozen importlib._bootstrap>", li
ne 1176 in _find_and_load
  File "C:\Users\diowang\AppData\Local\Pro
grams\Python\Python311\Lib\site-packages\k
ornia\augmentation\auto\operations\__init_
_.py", line 20 in <module>
  File "<frozen importlib._bootstrap>", li
ne 241 in _call_with_frames_removed
  File "<frozen importlib._bootstrap_exter
nal>", line 940 in exec_module
  File "<frozen importlib._bootstrap>", li
ne 690 in _load_unlocked
  File "<frozen importlib._bootstrap>", li
ne 1147 in _find_and_load_unlocked
  File "<frozen importlib._bootstrap>", li
ne 1176 in _find_and_load
  File "<frozen importlib._bootstrap>", li
ne 241 in _call_with_frames_removed
  File "<frozen importlib._bootstrap>", li
ne 1126 in _find_and_load_unlocked
  File "<frozen importlib._bootstrap>", li
ne 1176 in _find_and_load
  File "C:\Users\diowang\AppData\Local\Pro
grams\Python\Python311\Lib\site-packages\k
ornia\augmentation\auto\base.py", line 22 
in <module>
  ...
tests\test_gui_smoke.py 
